2026-09-08 00:35:35.945: [INFO] CurrentProfilePath: C:\Users\USER\AppData\Local\Temp\flutter_tools.ad9edccd\flutter_tools_chrome_device.aded3ad\Default
2026-09-08 00:35:35.945: [INFO] Profiles total count: 1
2026-09-08 00:35:35.945: [INFO] Profile: name=Profile 1 path=C:\Users\USER\AppData\Local\Temp\flutter_tools.ad9edccd\flutter_tools_chrome_device.aded3ad\Default lastActive=null
2026-09-08 00:35:35.945: [INFO] LastUsedProfileDir: C:\Users\USER\AppData\Local\Temp\flutter_tools.ad9edccd\flutter_tools_chrome_device.aded3ad\Default
2026-09-08 00:35:35.945: [INFO] VisibilityChanged: 0
2026-09-08 00:35:36.029: [INFO] RecordSyncInitDuration has_sync_been_enabled: 0 state: 0
2026-09-08 00:35:36.031: [INFO] RecordSyncInitDuration has_sync_been_enabled: 0 state: 0
2026-09-08 00:35:36.032: [INFO] RecordSyncInitDuration has_sync_been_enabled: 0 state: 0
2026-09-08 00:35:36.034: [INFO] RecordSyncInitDuration has_sync_been_enabled: 0 state: 0
2026-09-08 00:35:36.036: [INFO] RecordSyncInitDuration has_sync_been_enabled: 0 state: 0
2026-09-08 00:35:36.037: [INFO] RecordSyncInitDuration has_sync_been_enabled: 0 state: 0
2026-09-08 00:35:36.038: [INFO] RecordSyncInitDuration has_sync_been_enabled: 0 state: 0
2026-09-08 00:35:36.039: [INFO] RecordSyncInitDuration has_sync_been_enabled: 0 state: 0
2026-09-08 00:35:36.040: [INFO] RecordSyncInitDuration has_sync_been_enabled: 0 state: 0
2026-09-08 00:35:36.041: [INFO] RecordSyncInitDuration has_sync_been_enabled: 0 state: 0
2026-09-08 00:35:36.082: [INFO] OnDoneLoading sync enabled: 0
2026-09-08 00:35:36.082: [INFO] BookmarkModelLoaded, ids_reassigned: 0
2026-09-08 00:35:36.082: [INFO] BookmarksLoadDropped droppedNodes=0
2026-09-08 00:35:36.082: [INFO] BookmarksSnapshot Startup total=0 bar=0 other=0 mobile=0 showBar=0 showBarNTP=1
2026-09-08 00:35:36.108: [INFO] RecordSyncInitDuration has_sync_been_enabled: 0 state: 0
2026-09-08 00:35:38.768: [INFO] RecordSyncInitDuration has_sync_been_enabled: 0 state: 0
2026-09-08 00:35:38.775: [INFO] RecordSyncInitDuration has_sync_been_enabled: 0 state: 3
2026-09-08 00:35:38.779: [INFO] Primary account changed.
2026-09-08 00:35:38.779: [INFO] OnPrimaryAccountChanged PrimaryAccountChangeEvent::Type::kSet
2026-09-08 00:35:38.785: [INFO] RecordSyncInitDuration has_sync_been_enabled: 0 state: 3
2026-09-08 00:35:38.825: [INFO] RecordSyncInitDuration has_sync_been_enabled: 0 state: 3
2026-09-08 00:35:42.188: [INFO] BookmarkNodeAdded, ABU: 0
2026-09-08 00:35:42.189: [INFO] BookmarkNodeAdded, ABU: 0
2026-09-08 00:35:42.190: [INFO] BookmarkNodeAdded, ABU: 0
2026-09-08 00:35:42.205: [INFO] BookmarkBarPrefChanged showBar=0 showBarNTP=1
2026-09-08 00:35:42.477: [INFO] Sync initialization duration: 3521ms
2026-09-08 00:41:49.281: [INFO] BookmarksSnapshot Shutdown total=3 bar=3 other=0 mobile=0 showBar=0 showBarNTP=1
2026-09-08 10:14:38.767: [INFO] CurrentProfilePath: C:\Users\USER\AppData\Local\Temp\flutter_tools.73635d07\flutter_tools_chrome_device.c2fb9f55\Default
2026-09-08 10:14:38.767: [INFO] Profiles total count: 1
2026-09-08 10:14:38.767: [INFO] Profile: name=Profile 1 path=C:\Users\USER\AppData\Local\Temp\flutter_tools.73635d07\flutter_tools_chrome_device.c2fb9f55\Default lastActive=null
2026-09-08 10:14:38.767: [INFO] LastUsedProfileDir: C:\Users\USER\AppData\Local\Temp\flutter_tools.73635d07\flutter_tools_chrome_device.c2fb9f55\Default
2026-09-08 10:14:38.767: [INFO] VisibilityChanged: 0
2026-09-08 10:14:38.896: [INFO] OnDoneLoading sync enabled: 1
2026-09-08 10:14:38.896: [INFO] BookmarkModelLoaded, ids_reassigned: 0
2026-09-08 10:14:38.896: [INFO] BookmarksLoadDropped droppedNodes=0
2026-09-08 10:14:38.896: [INFO] BookmarksSnapshot Startup total=3 bar=3 other=0 mobile=0 showBar=0 showBarNTP=1
2026-09-08 10:14:52.729: [INFO] Sync initialization duration: 3974ms
2026-09-08 10:30:22.144: [INFO] BookmarksSnapshot Shutdown total=3 bar=3 other=0 mobile=0 showBar=0 showBarNTP=1
2026-09-08 10:32:23.249: [INFO] CurrentProfilePath: C:\Users\USER\AppData\Local\Temp\flutter_tools.f647358c\flutter_tools_chrome_device.306778d3\Default
2026-09-08 10:32:23.249: [INFO] Profiles total count: 1
2026-09-08 10:32:23.249: [INFO] Profile: name=Profile 1 path=C:\Users\USER\AppData\Local\Temp\flutter_tools.f647358c\flutter_tools_chrome_device.306778d3\Default lastActive=null
2026-09-08 10:32:23.249: [INFO] LastUsedProfileDir: C:\Users\USER\AppData\Local\Temp\flutter_tools.f647358c\flutter_tools_chrome_device.306778d3\Default
2026-09-08 10:32:23.249: [INFO] VisibilityChanged: 0
2026-09-08 10:32:23.379: [INFO] OnDoneLoading sync enabled: 0
2026-09-08 10:32:23.379: [INFO] BookmarkModelLoaded, ids_reassigned: 0
2026-09-08 10:32:23.379: [INFO] BookmarksLoadDropped droppedNodes=0
2026-09-08 10:32:23.379: [INFO] BookmarksSnapshot Startup total=3 bar=3 other=0 mobile=0 showBar=0 showBarNTP=1
2026-09-08 10:32:27.093: [INFO] Primary account changed.
2026-09-08 10:32:27.093: [INFO] OnPrimaryAccountChanged PrimaryAccountChangeEvent::Type::kSet
2026-09-08 10:32:35.279: [INFO] Sync initialization duration: 11895ms
2026-09-08 11:07:47.532: [INFO] BookmarksSnapshot Shutdown total=3 bar=3 other=0 mobile=0 showBar=0 showBarNTP=1
