{"logTime": "0908/101449", "correlationVector":"jwhxgjfDZQFoXs+RD8BMiV.1","action":"SyncServerConnectionManagerRequest", "result":"SYNC_SERVER_OK", "context":{"environment":"Prod_westeurope_prod-s01-080-eur-westeurope", "migrationStage":"NotStarted", "server":"akswtt00400003y"}}
{"logTime": "0908/101449", "correlationVector":"jwhxgjfDZQFoXs+RD8BMiV.2","action":"ProcessGetUpdates", "result":"Done", "context":{"dataType":"Encryption Keys", "deleted":"0", "process_failed_to_decrypt":"0", "process_pending_decryption":"0", "process_success":"1", "total":"1"}}
{"logTime": "0908/101450", "correlationVector":"w0M5lk0BhS+kg53VmbfTQM","action":"SyncServerConnectionManagerRequest", "result":"SYNC_SERVER_OK", "context":{"environment":"", "migrationStage":"", "server":""}}
{"logTime": "0908/101450", "correlationVector":"w0M5lk0BhS+kg53VmbfTQM.0","action":"EncryptionKeysFetcher.DownloadKeys:", "result":"Success", "context":Key count: 10, Last key timestamp: 2026-06-18T20:25:09Z}
{"logTime": "0908/101450", "correlationVector":"w0M5lk0BhS+kg53VmbfTQM.1","action":"EncryptionKeysManager::SetEncryptionKeys:", "result":"Success", "context":Key names[10]:[bbtIGYM5DxUJKf7PlFdfr1TgxBahct/IvizDcWhuvZAQA6UP/BuX/uosHMYb5WWXpvbBYEONplm8jJ3gj9PFYQ==][1oyxBYyGV+W6QV0r+StlBn7rSAGqyyCnQinHNeoW+eqBENqcJ1PsXShrOEqh+RFeqB4kdr8oV/Pti4bS6AP5IA==][WUrepY0AlNI7+SI8wWc7QYEn/ZdGjZ42bK+RhnD9YRG63RoMvu0n0HUI8NPG+IGNxyatgbtiuqpXFq0ACiGZtw==][9DBspJfugQ6zXYr3FtWen2odKHej1vOH2PkoPJajxod+Y/s0FaYwKHpoJAVOC2IL3cQ4qaxN494F2Mfl4S/QKw==][mEA5HMsaBv5YudAMhT23GhHVwqy51TquwNLih0Ur7FjITMrzFePisibe6bsntxmftBaVxdJb7EbIZftj1mRMiQ==][DfXDPea9/zj9yBlTHdG1EIt+y2GiSyejVPwgynEILidgpdd/9F4S0zl5hNvCwiOxx9e6y3HwESfpSQCYrh0t8w==][c9OkUSSsklRRf8p7yUhOYZxUAVjggr8WfQ7tqf3Wzfx0gijBdOrwVlkiRctahyLNQh9o+kpZ4NLEyUVZww2HWA==][+dGBAKAx75X6TjzGWW5yMhuRD1HvnBOBMBlOeTQqalEMLuRQlOcs8/pTTnbv/pTA0fuK4GRWozaxEk44jo6igA==][LLjw4XRVyxlVsN7kSDIE8k0BJhBOE5nQNmTcTzlyMEJ6HlvKqF4QjmGhjuX7+hBjnSWQ6sk2f7rKACe9HkLOaQ==][cSLJzTogp9N6sIa0KBJhNHKU1vNE9nQxB+RfeDNf23urhOGj+CTXfd44GcEDlybQTw78Z6YPP/Zh2yqQ0C48KA==]}
{"logTime": "0908/101450", "correlationVector":"w0M5lk0BhS+kg53VmbfTQM.2","action":"EncryptionKeysManager::SetEncryptionKeysWithTimestamps:", "result":"Success", "context":Key timestamps[10]:[2023-02-19T23:43:27Z][2023-08-19T07:31:25Z][2024-01-26T23:23:43Z][2024-02-03T23:46:15Z][2024-03-13T11:15:03Z][2024-04-05T11:12:31Z][2024-07-27T04:04:32Z][2024-12-20T21:57:37Z][2025-01-04T08:58:19Z][2026-06-18T20:25:09Z]}
{"logTime": "0908/101450", "correlationVector":"jwhxgjfDZQFoXs+RD8BMiV","action":"Initial GetUpdates", "result":"", "context":Reason: NEW_CLIENT. cV=jwhxgjfDZQFoXs+RD8BMiV}
{"logTime": "0908/101450", "correlationVector":"jwhxgjfDZQFoXs+RD8BMiV.3","action":"GetUpdates Response", "result":"Success", "context":Received 1 update(s). cV=jwhxgjfDZQFoXs+RD8BMiV.0;server=akswtt00400003y;cloudType=Consumer;environment=Prod_westeurope_prod-s01-080-eur-westeurope;migrationStage=NotStarted}
{"logTime": "0908/101450", "correlationVector":"/y0J3ubjx5IIIcVpMPWm0N","action":"Initial GetUpdates", "result":"", "context":Reason: NEWLY_SUPPORTED_DATATYPE. cV=/y0J3ubjx5IIIcVpMPWm0N}
{"logTime": "0908/101451", "correlationVector":"/y0J3ubjx5IIIcVpMPWm0N.1","action":"SyncServerConnectionManagerRequest", "result":"SYNC_SERVER_OK", "context":{"environment":"Prod_westeurope_prod-s01-080-eur-westeurope", "migrationStage":"NotStarted", "server":"akswtt00400000g"}}
{"logTime": "0908/101451", "correlationVector":"/y0J3ubjx5IIIcVpMPWm0N.2","action":"ProcessGetUpdates", "result":"Done", "context":{"dataType":"Passwords", "deleted":"0", "process_failed_to_decrypt":"0", "process_pending_decryption":"0", "process_success":"94", "total":"94"}}
{"logTime": "0908/101451", "correlationVector":"/y0J3ubjx5IIIcVpMPWm0N.3","action":"ProcessGetUpdates", "result":"Done", "context":{"dataType":"Device Info", "deleted":"0", "process_failed_to_decrypt":"0", "process_pending_decryption":"0", "process_success":"17", "total":"17"}}
{"logTime": "0908/101451", "correlationVector":"/y0J3ubjx5IIIcVpMPWm0N.4","action":"GetUpdates Response", "result":"Success", "context":Received 111 update(s). cV=/y0J3ubjx5IIIcVpMPWm0N.0;server=akswtt00400000g;cloudType=Consumer;environment=Prod_westeurope_prod-s01-080-eur-westeurope;migrationStage=NotStarted}
{"logTime": "0908/101451", "correlationVector":"OQQAnsxyiu2dsXUPxG9oWM","action":"Initial GetUpdates", "result":"", "context":Reason: NEWLY_SUPPORTED_DATATYPE. cV=OQQAnsxyiu2dsXUPxG9oWM}
{"logTime": "0908/101452", "correlationVector":"OQQAnsxyiu2dsXUPxG9oWM.1","action":"SyncServerConnectionManagerRequest", "result":"SYNC_SERVER_OK", "context":{"environment":"Prod_westeurope_prod-s01-080-eur-westeurope", "migrationStage":"NotStarted", "server":"akswtt004000008"}}
{"logTime": "0908/101452", "correlationVector":"OQQAnsxyiu2dsXUPxG9oWM.2","action":"ProcessGetUpdates", "result":"Done", "context":{"dataType":"Preferences", "deleted":"0", "process_failed_to_decrypt":"0", "process_pending_decryption":"0", "process_success":"92", "total":"92"}}
{"logTime": "0908/101452", "correlationVector":"OQQAnsxyiu2dsXUPxG9oWM.3","action":"ProcessGetUpdates", "result":"Done", "context":{"dataType":"Autofill Profiles", "deleted":"30", "process_failed_to_decrypt":"0", "process_pending_decryption":"0", "process_success":"31", "total":"31"}}
{"logTime": "0908/101452", "correlationVector":"OQQAnsxyiu2dsXUPxG9oWM.4","action":"ProcessGetUpdates", "result":"Done", "context":{"dataType":"Autofill", "deleted":"0", "process_failed_to_decrypt":"0", "process_pending_decryption":"0", "process_success":"1", "total":"1"}}
{"logTime": "0908/101452", "correlationVector":"OQQAnsxyiu2dsXUPxG9oWM.5","action":"ProcessGetUpdates", "result":"Done", "context":{"dataType":"Extensions", "deleted":"0", "process_failed_to_decrypt":"0", "process_pending_decryption":"0", "process_success":"10", "total":"10"}}
{"logTime": "0908/101452", "correlationVector":"OQQAnsxyiu2dsXUPxG9oWM.6","action":"ProcessGetUpdates", "result":"Done", "context":{"dataType":"Sessions", "deleted":"2", "process_failed_to_decrypt":"0", "process_pending_decryption":"0", "process_success":"16", "total":"16"}}
{"logTime": "0908/101452", "correlationVector":"OQQAnsxyiu2dsXUPxG9oWM.7","action":"ProcessGetUpdates", "result":"Done", "context":{"dataType":"Extension settings", "deleted":"0", "process_failed_to_decrypt":"0", "process_pending_decryption":"0", "process_success":"13", "total":"13"}}
{"logTime": "0908/101452", "correlationVector":"OQQAnsxyiu2dsXUPxG9oWM.8","action":"ProcessGetUpdates", "result":"Done", "context":{"dataType":"Web Apps", "deleted":"0", "process_failed_to_decrypt":"0", "process_pending_decryption":"0", "process_success":"6", "total":"6"}}
{"logTime": "0908/101452", "correlationVector":"OQQAnsxyiu2dsXUPxG9oWM.9","action":"GetUpdates Response", "result":"Success", "context":Received 169 update(s). cV=OQQAnsxyiu2dsXUPxG9oWM.0;server=akswtt004000008;cloudType=Consumer;environment=Prod_westeurope_prod-s01-080-eur-westeurope;migrationStage=NotStarted}
{"logTime": "0908/101452", "correlationVector":"/Zonk1i6+fhwlPxe63urHP","action":"Normal GetUpdate request", "result":"", "context":cV=/Zonk1i6+fhwlPxe63urHP
Nudged types: Sessions, Device Info, History
Refresh requested types: Bookmarks, Preferences, Passwords, Autofill Profiles, Autofill, Extensions, Sessions, Extension settings, History Delete Directives, Device Info, User Consents, Send Tab To Self, Web Apps, History, Saved Tab Group, WebAuthn Credentials, Edge Hub App Usage, Edge Workspace, Encryption Keys}
{"logTime": "0908/101453", "correlationVector":"/Zonk1i6+fhwlPxe63urHP.1","action":"SyncServerConnectionManagerRequest", "result":"SYNC_SERVER_OK", "context":{"environment":"Prod_westeurope_prod-s01-080-eur-westeurope", "migrationStage":"NotStarted", "server":"akswtt00400002h"}}
{"logTime": "0908/101453", "correlationVector":"/Zonk1i6+fhwlPxe63urHP.2","action":"ProcessGetUpdates", "result":"Done", "context":{"dataType":"History", "deleted":"0", "process_failed_to_decrypt":"0", "process_pending_decryption":"0", "process_success":"1", "total":"1"}}
{"logTime": "0908/101453", "correlationVector":"/Zonk1i6+fhwlPxe63urHP.3","action":"GetUpdates Response", "result":"Success", "context":Received 1 update(s). cV=/Zonk1i6+fhwlPxe63urHP.0;server=akswtt00400002h;cloudType=Consumer;environment=Prod_westeurope_prod-s01-080-eur-westeurope;migrationStage=NotStarted}
{"logTime": "0908/101453", "correlationVector":"ijAk9pEVMsjZxp5vmQHRo+","action":"Commit Request", "result":"", "context":Item count: 4
Contributing types: Sessions, Device Info, History}
{"logTime": "0908/101453", "correlationVector":"ijAk9pEVMsjZxp5vmQHRo+.1","action":"SyncServerConnectionManagerRequest", "result":"SYNC_SERVER_OK", "context":{"environment":"Prod_westeurope_prod-s01-080-eur-westeurope", "migrationStage":"NotStarted", "server":"akswtt00400002i"}}
{"logTime": "0908/101453", "correlationVector":"ijAk9pEVMsjZxp5vmQHRo+.2","action":"Commit Response", "result":"Success", "context":Result: Success. cV=ijAk9pEVMsjZxp5vmQHRo+.0;server=akswtt00400002i;cloudType=Consumer;environment=Prod_westeurope_prod-s01-080-eur-westeurope;migrationStage=NotStarted}
{"logTime": "0908/101453", "correlationVector":"HmxtIy/KlFrieV7n8Hv83w","action":"Poll GetUpdate request", "result":"", "context":cV=HmxtIy/KlFrieV7n8Hv83w}
{"logTime": "0908/101455", "correlationVector":"HmxtIy/KlFrieV7n8Hv83w.1","action":"SyncServerConnectionManagerRequest", "result":"SYNC_SERVER_OK", "context":{"environment":"Prod_westeurope_prod-s01-080-eur-westeurope", "migrationStage":"NotStarted", "server":"akswtt00400006r"}}
{"logTime": "0908/101455", "correlationVector":"HmxtIy/KlFrieV7n8Hv83w.2","action":"ProcessGetUpdates", "result":"Done", "context":{"dataType":"Sessions", "deleted":"0", "process_failed_to_decrypt":"0", "process_pending_decryption":"0", "process_success":"2", "total":"2"}}
{"logTime": "0908/101455", "correlationVector":"HmxtIy/KlFrieV7n8Hv83w.3","action":"ProcessGetUpdates", "result":"Done", "context":{"dataType":"Device Info", "deleted":"0", "process_failed_to_decrypt":"0", "process_pending_decryption":"0", "process_success":"1", "total":"1"}}
{"logTime": "0908/101455", "correlationVector":"HmxtIy/KlFrieV7n8Hv83w.4","action":"ProcessGetUpdates", "result":"Done", "context":{"dataType":"History", "deleted":"0", "process_failed_to_decrypt":"0", "process_pending_decryption":"0", "process_success":"1", "total":"1"}}
{"logTime": "0908/101455", "correlationVector":"HmxtIy/KlFrieV7n8Hv83w.5","action":"GetUpdates Response", "result":"Success", "context":Received 4 update(s). cV=HmxtIy/KlFrieV7n8Hv83w.0;server=akswtt00400006r;cloudType=Consumer;environment=Prod_westeurope_prod-s01-080-eur-westeurope;migrationStage=NotStarted}
{"logTime": "0908/101455", "correlationVector":"UgWSgsXkhQYd0gsbQWblev","action":"DoCompareDataConsistency requsted types: ", "result":"Bookmarks, Preferences, Passwords, Extensions, Extension settings, History Delete Directives, Send Tab To Self, Web Apps, History, Saved Tab Group, WebAuthn Credentials, Edge Workspace, Encryption Keys"}
{"logTime": "0908/101455", "correlationVector":"UgWSgsXkhQYd0gsbQWblev.0","action":"CompareDataConsistency result: ", "result":"Compare result: Encryption Keys is consistent. local entities count is: 1 local entities hash is: ADaZxJgJ99CkHLgFqYTCShQDiNE="}
{"logTime": "0908/101455", "correlationVector":"UgWSgsXkhQYd0gsbQWblev.1","action":"CompareDataConsistency result: ", "result":"Compare result: Bookmarks is consistent. local entities count is: 3 local entities hash is: fuFfmlwl203j8DvXX/TOamMvTtg="}
{"logTime": "0908/101455", "correlationVector":"UgWSgsXkhQYd0gsbQWblev.2","action":"CompareDataConsistency result: ", "result":"Compare result: Preferences is consistent. local entities count is: 92 local entities hash is: wr0JTB6dycxoNT5KcogmiAMucbA="}
{"logTime": "0908/101455", "correlationVector":"UgWSgsXkhQYd0gsbQWblev.3","action":"CompareDataConsistency result: ", "result":"Compare result: Extensions is consistent. local entities count is: 10 local entities hash is: IAtuP6yrUb9M/2wFdQvDTT/n8eQ="}
{"logTime": "0908/101455", "correlationVector":"UgWSgsXkhQYd0gsbQWblev.4","action":"CompareDataConsistency result: ", "result":"Compare result: Extension settings is consistent. local entities count is: 13 local entities hash is: R6Gy0/L9b2Li7ciPvdJRTMZR5BM="}
{"logTime": "0908/101455", "correlationVector":"UgWSgsXkhQYd0gsbQWblev.5","action":"CompareDataConsistency result: ", "result":"Compare result: History Delete Directives is consistent. local entities count is: 0 local entities hash is: "}
{"logTime": "0908/101455", "correlationVector":"UgWSgsXkhQYd0gsbQWblev.6","action":"CompareDataConsistency result: ", "result":"Server did not send this Send Tab To Self local entities count is: 0 local entities hash is: "}
{"logTime": "0908/101455", "correlationVector":"UgWSgsXkhQYd0gsbQWblev.7","action":"CompareDataConsistency result: ", "result":"Compare result: Web Apps is inconsistent. server entities count is: 6 server entities hash is: +938tAb5jyvgY7ZHRJRB0GQO4qg= local entities count is: 4 local entities hash is: Li/unyV6xYH2UvLU/O+/S9f78+Y="}
{"logTime": "0908/101455", "correlationVector":"UgWSgsXkhQYd0gsbQWblev.8","action":"CompareDataConsistency result: ", "result":"Server did not send this History local entities count is: 0 local entities hash is: "}
{"logTime": "0908/101455", "correlationVector":"UgWSgsXkhQYd0gsbQWblev.9","action":"CompareDataConsistency result: ", "result":"Compare result: Saved Tab Group is consistent. local entities count is: 0 local entities hash is: "}
{"logTime": "0908/101455", "correlationVector":"UgWSgsXkhQYd0gsbQWblev.10","action":"CompareDataConsistency result: ", "result":"Server did not send this WebAuthn Credentials local entities count is: 0 local entities hash is: "}
{"logTime": "0908/101455", "correlationVector":"UgWSgsXkhQYd0gsbQWblev.11","action":"CompareDataConsistency result: ", "result":"Server did not send this Edge Workspace local entities count is: 0 local entities hash is: "}
{"logTime": "0908/101455", "correlationVector":"UgWSgsXkhQYd0gsbQWblev.12","action":"CompareDataConsistency result: ", "result":"Compare result: Passwords is consistent. local entities count is: 94 local entities hash is: Ym2r10OhlRTvlMJTUbHtn1yR15Y="}
{"logTime": "0908/101455", "correlationVector":"","action":"DIAGNOSTIC_REQUEST|v1/diagnosticData/Diagnostic.SendCheckResult()|SUCCESS", "result":""}
{"logTime": "0908/101522", "correlationVector":"ChheiUG5SBcB1tQo1SHbFI","action":"Commit Request", "result":"", "context":Item count: 40
Contributing types: Passwords}
{"logTime": "0908/101524", "correlationVector":"ChheiUG5SBcB1tQo1SHbFI.1","action":"SyncServerConnectionManagerRequest", "result":"SYNC_SERVER_OK", "context":{"environment":"Prod_westeurope_prod-s01-080-eur-westeurope", "migrationStage":"NotStarted", "server":"akswtt00400002u"}}
{"logTime": "0908/101524", "correlationVector":"ChheiUG5SBcB1tQo1SHbFI.2","action":"Commit Response", "result":"Success", "context":Result: Success. cV=ChheiUG5SBcB1tQo1SHbFI.0;server=akswtt00400002u;cloudType=Consumer;environment=Prod_westeurope_prod-s01-080-eur-westeurope;migrationStage=NotStarted}
{"logTime": "0908/101524", "correlationVector":"LGJ6QVR1PvN3CopHVn1cAU","action":"Commit Request", "result":"", "context":Item count: 40
Contributing types: Preferences, Passwords}
{"logTime": "0908/101526", "correlationVector":"LGJ6QVR1PvN3CopHVn1cAU.1","action":"SyncServerConnectionManagerRequest", "result":"SYNC_SERVER_OK", "context":{"environment":"Prod_westeurope_prod-s01-080-eur-westeurope", "migrationStage":"NotStarted", "server":"akswtt00400006v"}}
{"logTime": "0908/101526", "correlationVector":"LGJ6QVR1PvN3CopHVn1cAU.2","action":"Commit Response", "result":"Success", "context":Result: Success. cV=LGJ6QVR1PvN3CopHVn1cAU.0;server=akswtt00400006v;cloudType=Consumer;environment=Prod_westeurope_prod-s01-080-eur-westeurope;migrationStage=NotStarted}
{"logTime": "0908/101526", "correlationVector":"LNjkXPrZfTdDyW0yKnUbHE","action":"Commit Request", "result":"", "context":Item count: 2
Contributing types: Sessions, History}
{"logTime": "0908/101526", "correlationVector":"LNjkXPrZfTdDyW0yKnUbHE.1","action":"SyncServerConnectionManagerRequest", "result":"SYNC_SERVER_OK", "context":{"environment":"Prod_westeurope_prod-s01-080-eur-westeurope", "migrationStage":"NotStarted", "server":"akswtt00400002u"}}
{"logTime": "0908/101526", "correlationVector":"LNjkXPrZfTdDyW0yKnUbHE.2","action":"Commit Response", "result":"Success", "context":Result: Success. cV=LNjkXPrZfTdDyW0yKnUbHE.0;server=akswtt00400002u;cloudType=Consumer;environment=Prod_westeurope_prod-s01-080-eur-westeurope;migrationStage=NotStarted}
{"logTime": "0908/101528", "correlationVector":"bLjC1Gb0t/+WqLljylqbhB","action":"Commit Request", "result":"", "context":Item count: 1
Contributing types: Autofill Profiles}
{"logTime": "0908/101528", "correlationVector":"bLjC1Gb0t/+WqLljylqbhB.1","action":"SyncServerConnectionManagerRequest", "result":"SYNC_SERVER_OK", "context":{"environment":"Prod_westeurope_prod-s01-080-eur-westeurope", "migrationStage":"NotStarted", "server":"akswtt00400006q"}}
{"logTime": "0908/101528", "correlationVector":"bLjC1Gb0t/+WqLljylqbhB.2","action":"Commit Response", "result":"Success", "context":Result: Success. cV=bLjC1Gb0t/+WqLljylqbhB.0;server=akswtt00400006q;cloudType=Consumer;environment=Prod_westeurope_prod-s01-080-eur-westeurope;migrationStage=NotStarted}
{"logTime": "0908/101640", "correlationVector":"2piu8BK5E6PmusuKudZ2f2","action":"Commit Request", "result":"", "context":Item count: 1
Contributing types: History}
{"logTime": "0908/101640", "correlationVector":"2piu8BK5E6PmusuKudZ2f2.1","action":"SyncServerConnectionManagerRequest", "result":"SYNC_SERVER_OK", "context":{"environment":"Prod_westeurope_prod-s01-080-eur-westeurope", "migrationStage":"NotStarted", "server":"akswtt00400002j"}}
{"logTime": "0908/101640", "correlationVector":"2piu8BK5E6PmusuKudZ2f2.2","action":"Commit Response", "result":"Success", "context":Result: Success. cV=2piu8BK5E6PmusuKudZ2f2.0;server=akswtt00400002j;cloudType=Consumer;environment=Prod_westeurope_prod-s01-080-eur-westeurope;migrationStage=NotStarted}
{"logTime": "0908/103229", "correlationVector":"P93W0luIRXEzjY9vn9dhRK.1","action":"SyncServerConnectionManagerRequest", "result":"SYNC_SERVER_OK", "context":{"environment":"Prod_westeurope_prod-s01-079-eur-westeurope", "migrationStage":"NotStarted", "server":"akswtt00400000l"}}
{"logTime": "0908/103229", "correlationVector":"P93W0luIRXEzjY9vn9dhRK.2","action":"ProcessGetUpdates", "result":"Done", "context":{"dataType":"Encryption Keys", "deleted":"0", "process_failed_to_decrypt":"0", "process_pending_decryption":"0", "process_success":"1", "total":"1"}}
{"logTime": "0908/103233", "correlationVector":"T9QofYym0aHWrytlDqfonJ","action":"SyncServerConnectionManagerRequest", "result":"SYNC_SERVER_OK", "context":{"environment":"", "migrationStage":"", "server":""}}
{"logTime": "0908/103233", "correlationVector":"T9QofYym0aHWrytlDqfonJ.0","action":"EncryptionKeysFetcher.DownloadKeys:", "result":"Success", "context":Key count: 10, Last key timestamp: 2026-06-18T20:25:09Z}
{"logTime": "0908/103233", "correlationVector":"T9QofYym0aHWrytlDqfonJ.1","action":"EncryptionKeysManager::SetEncryptionKeys:", "result":"Success", "context":Key names[10]:[bbtIGYM5DxUJKf7PlFdfr1TgxBahct/IvizDcWhuvZAQA6UP/BuX/uosHMYb5WWXpvbBYEONplm8jJ3gj9PFYQ==][1oyxBYyGV+W6QV0r+StlBn7rSAGqyyCnQinHNeoW+eqBENqcJ1PsXShrOEqh+RFeqB4kdr8oV/Pti4bS6AP5IA==][WUrepY0AlNI7+SI8wWc7QYEn/ZdGjZ42bK+RhnD9YRG63RoMvu0n0HUI8NPG+IGNxyatgbtiuqpXFq0ACiGZtw==][9DBspJfugQ6zXYr3FtWen2odKHej1vOH2PkoPJajxod+Y/s0FaYwKHpoJAVOC2IL3cQ4qaxN494F2Mfl4S/QKw==][mEA5HMsaBv5YudAMhT23GhHVwqy51TquwNLih0Ur7FjITMrzFePisibe6bsntxmftBaVxdJb7EbIZftj1mRMiQ==][DfXDPea9/zj9yBlTHdG1EIt+y2GiSyejVPwgynEILidgpdd/9F4S0zl5hNvCwiOxx9e6y3HwESfpSQCYrh0t8w==][c9OkUSSsklRRf8p7yUhOYZxUAVjggr8WfQ7tqf3Wzfx0gijBdOrwVlkiRctahyLNQh9o+kpZ4NLEyUVZww2HWA==][+dGBAKAx75X6TjzGWW5yMhuRD1HvnBOBMBlOeTQqalEMLuRQlOcs8/pTTnbv/pTA0fuK4GRWozaxEk44jo6igA==][LLjw4XRVyxlVsN7kSDIE8k0BJhBOE5nQNmTcTzlyMEJ6HlvKqF4QjmGhjuX7+hBjnSWQ6sk2f7rKACe9HkLOaQ==][cSLJzTogp9N6sIa0KBJhNHKU1vNE9nQxB+RfeDNf23urhOGj+CTXfd44GcEDlybQTw78Z6YPP/Zh2yqQ0C48KA==]}
{"logTime": "0908/103233", "correlationVector":"T9QofYym0aHWrytlDqfonJ.2","action":"EncryptionKeysManager::SetEncryptionKeysWithTimestamps:", "result":"Success", "context":Key timestamps[10]:[2023-02-19T23:43:27Z][2023-08-19T07:31:25Z][2024-01-26T23:23:43Z][2024-02-03T23:46:15Z][2024-03-13T11:15:03Z][2024-04-05T11:12:31Z][2024-07-27T04:04:32Z][2024-12-20T21:57:37Z][2025-01-04T08:58:19Z][2026-06-18T20:25:09Z]}
{"logTime": "0908/103233", "correlationVector":"P93W0luIRXEzjY9vn9dhRK","action":"Initial GetUpdates", "result":"", "context":Reason: NEW_CLIENT. cV=P93W0luIRXEzjY9vn9dhRK}
{"logTime": "0908/103233", "correlationVector":"P93W0luIRXEzjY9vn9dhRK.3","action":"GetUpdates Response", "result":"Success", "context":Received 1 update(s). cV=P93W0luIRXEzjY9vn9dhRK.0;server=akswtt00400000l;cloudType=Consumer;environment=Prod_westeurope_prod-s01-079-eur-westeurope;migrationStage=NotStarted}
{"logTime": "0908/103233", "correlationVector":"dxy83iMg9K+1avPk4UEtlk","action":"Initial GetUpdates", "result":"", "context":Reason: NEWLY_SUPPORTED_DATATYPE. cV=dxy83iMg9K+1avPk4UEtlk}
{"logTime": "0908/103234", "correlationVector":"dxy83iMg9K+1avPk4UEtlk.1","action":"SyncServerConnectionManagerRequest", "result":"SYNC_SERVER_OK", "context":{"environment":"Prod_westeurope_prod-s01-079-eur-westeurope", "migrationStage":"NotStarted", "server":"akswtt00400002p"}}
{"logTime": "0908/103234", "correlationVector":"dxy83iMg9K+1avPk4UEtlk.2","action":"ProcessGetUpdates", "result":"Done", "context":{"dataType":"Passwords", "deleted":"0", "process_failed_to_decrypt":"0", "process_pending_decryption":"0", "process_success":"94", "total":"94"}}
{"logTime": "0908/103234", "correlationVector":"dxy83iMg9K+1avPk4UEtlk.3","action":"ProcessGetUpdates", "result":"Done", "context":{"dataType":"Device Info", "deleted":"0", "process_failed_to_decrypt":"0", "process_pending_decryption":"0", "process_success":"17", "total":"17"}}
{"logTime": "0908/103234", "correlationVector":"dxy83iMg9K+1avPk4UEtlk.4","action":"GetUpdates Response", "result":"Success", "context":Received 111 update(s). cV=dxy83iMg9K+1avPk4UEtlk.0;server=akswtt00400002p;cloudType=Consumer;environment=Prod_westeurope_prod-s01-079-eur-westeurope;migrationStage=NotStarted}
{"logTime": "0908/103234", "correlationVector":"ZmPviEYkgBOBiQtdjhMl7c","action":"Initial GetUpdates", "result":"", "context":Reason: NEWLY_SUPPORTED_DATATYPE. cV=ZmPviEYkgBOBiQtdjhMl7c}
{"logTime": "0908/103234", "correlationVector":"ZmPviEYkgBOBiQtdjhMl7c.1","action":"SyncServerConnectionManagerRequest", "result":"SYNC_SERVER_OK", "context":{"environment":"Prod_westeurope_prod-s01-079-eur-westeurope", "migrationStage":"NotStarted", "server":"akswtt00400002q"}}
{"logTime": "0908/103234", "correlationVector":"ZmPviEYkgBOBiQtdjhMl7c.2","action":"ProcessGetUpdates", "result":"Done", "context":{"dataType":"Bookmarks", "deleted":"0", "process_failed_to_decrypt":"0", "process_pending_decryption":"0", "process_success":"9", "total":"9"}}
{"logTime": "0908/103234", "correlationVector":"ZmPviEYkgBOBiQtdjhMl7c.3","action":"ProcessGetUpdates", "result":"Done", "context":{"dataType":"Preferences", "deleted":"0", "process_failed_to_decrypt":"0", "process_pending_decryption":"0", "process_success":"92", "total":"92"}}
{"logTime": "0908/103234", "correlationVector":"ZmPviEYkgBOBiQtdjhMl7c.4","action":"ProcessGetUpdates", "result":"Done", "context":{"dataType":"Autofill Profiles", "deleted":"30", "process_failed_to_decrypt":"0", "process_pending_decryption":"0", "process_success":"31", "total":"31"}}
{"logTime": "0908/103234", "correlationVector":"ZmPviEYkgBOBiQtdjhMl7c.5","action":"ProcessGetUpdates", "result":"Done", "context":{"dataType":"Autofill", "deleted":"0", "process_failed_to_decrypt":"0", "process_pending_decryption":"0", "process_success":"1", "total":"1"}}
{"logTime": "0908/103234", "correlationVector":"ZmPviEYkgBOBiQtdjhMl7c.6","action":"ProcessGetUpdates", "result":"Done", "context":{"dataType":"Extensions", "deleted":"0", "process_failed_to_decrypt":"0", "process_pending_decryption":"0", "process_success":"10", "total":"10"}}
{"logTime": "0908/103234", "correlationVector":"ZmPviEYkgBOBiQtdjhMl7c.7","action":"ProcessGetUpdates", "result":"Done", "context":{"dataType":"Sessions", "deleted":"2", "process_failed_to_decrypt":"0", "process_pending_decryption":"0", "process_success":"16", "total":"16"}}
{"logTime": "0908/103234", "correlationVector":"ZmPviEYkgBOBiQtdjhMl7c.8","action":"ProcessGetUpdates", "result":"Done", "context":{"dataType":"Extension settings", "deleted":"0", "process_failed_to_decrypt":"0", "process_pending_decryption":"0", "process_success":"13", "total":"13"}}
{"logTime": "0908/103234", "correlationVector":"ZmPviEYkgBOBiQtdjhMl7c.9","action":"ProcessGetUpdates", "result":"Done", "context":{"dataType":"Web Apps", "deleted":"0", "process_failed_to_decrypt":"0", "process_pending_decryption":"0", "process_success":"6", "total":"6"}}
{"logTime": "0908/103234", "correlationVector":"ZmPviEYkgBOBiQtdjhMl7c.10","action":"GetUpdates Response", "result":"Success", "context":Received 178 update(s). cV=ZmPviEYkgBOBiQtdjhMl7c.0;server=akswtt00400002q;cloudType=Consumer;environment=Prod_westeurope_prod-s01-079-eur-westeurope;migrationStage=NotStarted}
{"logTime": "0908/103234", "correlationVector":"mFe/PfnItAIXX3XxHN4vha","action":"Initial GetUpdates", "result":"", "context":Reason: NEWLY_SUPPORTED_DATATYPE. cV=mFe/PfnItAIXX3XxHN4vha}
{"logTime": "0908/103235", "correlationVector":"mFe/PfnItAIXX3XxHN4vha.1","action":"SyncServerConnectionManagerRequest", "result":"SYNC_SERVER_OK", "context":{"environment":"Prod_westeurope_prod-s01-079-eur-westeurope", "migrationStage":"NotStarted", "server":"akswtt004000041"}}
{"logTime": "0908/103235", "correlationVector":"mFe/PfnItAIXX3XxHN4vha.2","action":"ProcessGetUpdates", "result":"Done", "context":{"dataType":"History", "deleted":"0", "process_failed_to_decrypt":"0", "process_pending_decryption":"0", "process_success":"25", "total":"25"}}
{"logTime": "0908/103235", "correlationVector":"mFe/PfnItAIXX3XxHN4vha.3","action":"GetUpdates Response", "result":"Success", "context":Received 25 update(s). cV=mFe/PfnItAIXX3XxHN4vha.0;server=akswtt004000041;cloudType=Consumer;environment=Prod_westeurope_prod-s01-079-eur-westeurope;migrationStage=NotStarted}
{"logTime": "0908/103235", "correlationVector":"4X2w9Ik+mkiMxpT8+KV1aC","action":"Normal GetUpdate request", "result":"", "context":cV=4X2w9Ik+mkiMxpT8+KV1aC
Nudged types: Sessions, Device Info
Refresh requested types: Bookmarks, Preferences, Passwords, Autofill Profiles, Autofill, Extensions, Sessions, Extension settings, History Delete Directives, Device Info, User Consents, Send Tab To Self, Web Apps, History, Saved Tab Group, WebAuthn Credentials, Edge Hub App Usage, Edge Workspace, Encryption Keys}
{"logTime": "0908/103235", "correlationVector":"4X2w9Ik+mkiMxpT8+KV1aC.1","action":"SyncServerConnectionManagerRequest", "result":"SYNC_SERVER_OK", "context":{"environment":"Prod_westeurope_prod-s01-079-eur-westeurope", "migrationStage":"NotStarted", "server":"akswtt00400000g"}}
{"logTime": "0908/103235", "correlationVector":"4X2w9Ik+mkiMxpT8+KV1aC.2","action":"GetUpdates Response", "result":"Success", "context":Received 0 update(s). cV=4X2w9Ik+mkiMxpT8+KV1aC.0;server=akswtt00400000g;cloudType=Consumer;environment=Prod_westeurope_prod-s01-079-eur-westeurope;migrationStage=NotStarted}
{"logTime": "0908/103235", "correlationVector":"O1Gyk5y+JoZCLt/uDPApXS","action":"Commit Request", "result":"", "context":Item count: 3
Contributing types: Sessions, Device Info}
{"logTime": "0908/103236", "correlationVector":"O1Gyk5y+JoZCLt/uDPApXS.1","action":"SyncServerConnectionManagerRequest", "result":"SYNC_SERVER_OK", "context":{"environment":"Prod_francecentral_prod-s01-062-eur-francecentral", "migrationStage":"NotStarted", "server":"akswtt11700000m"}}
{"logTime": "0908/103236", "correlationVector":"O1Gyk5y+JoZCLt/uDPApXS.2","action":"Commit Response", "result":"Success", "context":Result: Success. cV=O1Gyk5y+JoZCLt/uDPApXS.0;server=akswtt11700000m;cloudType=Consumer;environment=Prod_francecentral_prod-s01-062-eur-francecentral;migrationStage=NotStarted}
{"logTime": "0908/103303", "correlationVector":"b2/UJX4a5fyiaadE3og6r+","action":"Commit Request", "result":"", "context":Item count: 40
Contributing types: Passwords}
{"logTime": "0908/103305", "correlationVector":"b2/UJX4a5fyiaadE3og6r+.1","action":"SyncServerConnectionManagerRequest", "result":"SYNC_SERVER_OK", "context":{"environment":"Prod_westeurope_prod-s01-079-eur-westeurope", "migrationStage":"NotStarted", "server":"akswtt00400002z"}}
{"logTime": "0908/103305", "correlationVector":"b2/UJX4a5fyiaadE3og6r+.2","action":"Commit Response", "result":"Success", "context":Result: Success. cV=b2/UJX4a5fyiaadE3og6r+.0;server=akswtt00400002z;cloudType=Consumer;environment=Prod_westeurope_prod-s01-079-eur-westeurope;migrationStage=NotStarted}
{"logTime": "0908/103305", "correlationVector":"c+w6dSbfBiZOOlcvXxZp4D","action":"Commit Request", "result":"", "context":Item count: 40
Contributing types: Preferences, Passwords}
{"logTime": "0908/103308", "correlationVector":"c+w6dSbfBiZOOlcvXxZp4D.1","action":"SyncServerConnectionManagerRequest", "result":"SYNC_SERVER_OK", "context":{"environment":"Prod_westeurope_prod-s01-079-eur-westeurope", "migrationStage":"NotStarted", "server":"akswtt00400000l"}}
{"logTime": "0908/103308", "correlationVector":"c+w6dSbfBiZOOlcvXxZp4D.2","action":"Commit Response", "result":"Success", "context":Result: Success. cV=c+w6dSbfBiZOOlcvXxZp4D.0;server=akswtt00400000l;cloudType=Consumer;environment=Prod_westeurope_prod-s01-079-eur-westeurope;migrationStage=NotStarted}
{"logTime": "0908/103308", "correlationVector":"+eJ1dVsH4zc3bcK21FRr4J","action":"Commit Request", "result":"", "context":Item count: 2
Contributing types: Sessions, History}
{"logTime": "0908/103308", "correlationVector":"+eJ1dVsH4zc3bcK21FRr4J.1","action":"SyncServerConnectionManagerRequest", "result":"SYNC_SERVER_OK", "context":{"environment":"Prod_westeurope_prod-s01-079-eur-westeurope", "migrationStage":"NotStarted", "server":"akswtt00400002n"}}
{"logTime": "0908/103308", "correlationVector":"+eJ1dVsH4zc3bcK21FRr4J.2","action":"Commit Response", "result":"Success", "context":Result: Success. cV=+eJ1dVsH4zc3bcK21FRr4J.0;server=akswtt00400002n;cloudType=Consumer;environment=Prod_westeurope_prod-s01-079-eur-westeurope;migrationStage=NotStarted}
{"logTime": "0908/103336", "correlationVector":"E2ETjXnZu2F3AraQxX/w2g","action":"Commit Request", "result":"", "context":Item count: 1
Contributing types: Autofill Profiles}
{"logTime": "0908/103336", "correlationVector":"E2ETjXnZu2F3AraQxX/w2g.1","action":"SyncServerConnectionManagerRequest", "result":"SYNC_SERVER_OK", "context":{"environment":"Prod_westeurope_prod-s01-079-eur-westeurope", "migrationStage":"NotStarted", "server":"akswtt00400002r"}}
{"logTime": "0908/103336", "correlationVector":"E2ETjXnZu2F3AraQxX/w2g.2","action":"Commit Response", "result":"Success", "context":Result: Success. cV=E2ETjXnZu2F3AraQxX/w2g.0;server=akswtt00400002r;cloudType=Consumer;environment=Prod_westeurope_prod-s01-079-eur-westeurope;migrationStage=NotStarted}
{"logTime": "0908/103445", "correlationVector":"2XxAB//N9zgqL8bcUumvBC","action":"Commit Request", "result":"", "context":Item count: 2
Contributing types: Sessions, History}
{"logTime": "0908/103445", "correlationVector":"2XxAB//N9zgqL8bcUumvBC.1","action":"SyncServerConnectionManagerRequest", "result":"SYNC_SERVER_OK", "context":{"environment":"Prod_westeurope_prod-s01-079-eur-westeurope", "migrationStage":"NotStarted", "server":"akswtt00400000g"}}
{"logTime": "0908/103445", "correlationVector":"2XxAB//N9zgqL8bcUumvBC.2","action":"Commit Response", "result":"Success", "context":Result: Success. cV=2XxAB//N9zgqL8bcUumvBC.0;server=akswtt00400000g;cloudType=Consumer;environment=Prod_westeurope_prod-s01-079-eur-westeurope;migrationStage=NotStarted}
{"logTime": "0908/104457", "correlationVector":"U2kClk0Vw7ClkUE2HtoLk4","action":"Commit Request", "result":"", "context":Item count: 1
Contributing types: Sessions}
{"logTime": "0908/104457", "correlationVector":"U2kClk0Vw7ClkUE2HtoLk4.1","action":"SyncServerConnectionManagerRequest", "result":"SYNC_SERVER_OK", "context":{"environment":"Prod_westeurope_prod-s01-079-eur-westeurope", "migrationStage":"NotStarted", "server":"akswtt004000004"}}
{"logTime": "0908/104457", "correlationVector":"U2kClk0Vw7ClkUE2HtoLk4.2","action":"Commit Response", "result":"Success", "context":Result: Success. cV=U2kClk0Vw7ClkUE2HtoLk4.0;server=akswtt004000004;cloudType=Consumer;environment=Prod_westeurope_prod-s01-079-eur-westeurope;migrationStage=NotStarted}
{"logTime": "0908/104652", "correlationVector":"JwU/3Y7yLrvKeR4S0koLEN","action":"Normal GetUpdate request", "result":"", "context":cV=JwU/3Y7yLrvKeR4S0koLEN
Notified types: Device Info}
{"logTime": "0908/104653", "correlationVector":"JwU/3Y7yLrvKeR4S0koLEN.1","action":"SyncServerConnectionManagerRequest", "result":"SYNC_SERVER_OK", "context":{"environment":"Prod_westeurope_prod-s01-079-eur-westeurope", "migrationStage":"NotStarted", "server":"akswtt00400004b"}}
{"logTime": "0908/104653", "correlationVector":"JwU/3Y7yLrvKeR4S0koLEN.2","action":"ProcessGetUpdates", "result":"Done", "context":{"dataType":"Preferences", "deleted":"0", "process_failed_to_decrypt":"0", "process_pending_decryption":"0", "process_success":"1", "total":"1"}}
{"logTime": "0908/104653", "correlationVector":"JwU/3Y7yLrvKeR4S0koLEN.3","action":"ProcessGetUpdates", "result":"Done", "context":{"dataType":"Passwords", "deleted":"0", "process_failed_to_decrypt":"0", "process_pending_decryption":"0", "process_success":"79", "total":"79"}}
{"logTime": "0908/104653", "correlationVector":"JwU/3Y7yLrvKeR4S0koLEN.4","action":"ProcessGetUpdates", "result":"Done", "context":{"dataType":"Autofill Profiles", "deleted":"0", "process_failed_to_decrypt":"0", "process_pending_decryption":"0", "process_success":"1", "total":"1"}}
{"logTime": "0908/104653", "correlationVector":"JwU/3Y7yLrvKeR4S0koLEN.5","action":"ProcessGetUpdates", "result":"Done", "context":{"dataType":"Sessions", "deleted":"0", "process_failed_to_decrypt":"0", "process_pending_decryption":"0", "process_success":"2", "total":"2"}}
{"logTime": "0908/104653", "correlationVector":"JwU/3Y7yLrvKeR4S0koLEN.6","action":"ProcessGetUpdates", "result":"Done", "context":{"dataType":"Device Info", "deleted":"0", "process_failed_to_decrypt":"0", "process_pending_decryption":"0", "process_success":"2", "total":"2"}}
{"logTime": "0908/104653", "correlationVector":"JwU/3Y7yLrvKeR4S0koLEN.7","action":"ProcessGetUpdates", "result":"Done", "context":{"dataType":"History", "deleted":"0", "process_failed_to_decrypt":"0", "process_pending_decryption":"0", "process_success":"1", "total":"1"}}
{"logTime": "0908/104653", "correlationVector":"JwU/3Y7yLrvKeR4S0koLEN.8","action":"GetUpdates Response", "result":"Success", "context":Received 86 update(s). cV=JwU/3Y7yLrvKeR4S0koLEN.0;server=akswtt00400004b;cloudType=Consumer;environment=Prod_westeurope_prod-s01-079-eur-westeurope;migrationStage=NotStarted}
{"logTime": "0908/110004", "correlationVector":"cMLompJ2FAfywPCM9sPf3i","action":"Normal GetUpdate request", "result":"", "context":cV=cMLompJ2FAfywPCM9sPf3i
Notified types: Device Info}
{"logTime": "0908/110004", "correlationVector":"cMLompJ2FAfywPCM9sPf3i.1","action":"SyncServerConnectionManagerRequest", "result":"SYNC_SERVER_OK", "context":{"environment":"Prod_westeurope_prod-s01-079-eur-westeurope", "migrationStage":"NotStarted", "server":"akswtt00400000i"}}
{"logTime": "0908/110004", "correlationVector":"cMLompJ2FAfywPCM9sPf3i.2","action":"ProcessGetUpdates", "result":"Done", "context":{"dataType":"Device Info", "deleted":"0", "process_failed_to_decrypt":"0", "process_pending_decryption":"0", "process_success":"1", "total":"1"}}
{"logTime": "0908/110004", "correlationVector":"cMLompJ2FAfywPCM9sPf3i.3","action":"GetUpdates Response", "result":"Success", "context":Received 1 update(s). cV=cMLompJ2FAfywPCM9sPf3i.0;server=akswtt00400000i;cloudType=Consumer;environment=Prod_westeurope_prod-s01-079-eur-westeurope;migrationStage=NotStarted}
{"logTime": "0908/110021", "correlationVector":"S5QernJcKm8IV1173IHbTk","action":"Normal GetUpdate request", "result":"", "context":cV=S5QernJcKm8IV1173IHbTk
Notified types: Device Info}
{"logTime": "0908/110022", "correlationVector":"S5QernJcKm8IV1173IHbTk.1","action":"SyncServerConnectionManagerRequest", "result":"SYNC_SERVER_OK", "context":{"environment":"Prod_westeurope_prod-s01-079-eur-westeurope", "migrationStage":"NotStarted", "server":"akswtt00400002o"}}
{"logTime": "0908/110022", "correlationVector":"S5QernJcKm8IV1173IHbTk.2","action":"ProcessGetUpdates", "result":"Done", "context":{"dataType":"Device Info", "deleted":"0", "process_failed_to_decrypt":"0", "process_pending_decryption":"0", "process_success":"1", "total":"1"}}
{"logTime": "0908/110022", "correlationVector":"S5QernJcKm8IV1173IHbTk.3","action":"GetUpdates Response", "result":"Success", "context":Received 1 update(s). cV=S5QernJcKm8IV1173IHbTk.0;server=akswtt00400002o;cloudType=Consumer;environment=Prod_westeurope_prod-s01-079-eur-westeurope;migrationStage=NotStarted}
